[debug] [2026-09-14T22:12:36.718Z] ----------------------------------------------------------------------
[debug] [2026-09-14T22:12:36.729Z] Command:       C:\Program Files\nodejs\node.exe C:\Users\Admin\AppData\Roaming\npm\node_modules\firebase-tools\lib\bin\firebase.js deploy
[debug] [2026-09-14T22:12:36.730Z] CLI Version:   15.30.0
[debug] [2026-09-14T22:12:36.730Z] Platform:      win32
[debug] [2026-09-14T22:12:36.730Z] Node Version:  v20.11.0
[debug] [2026-09-14T22:12:36.730Z] Detected Agent: unknown
[debug] [2026-09-14T22:12:36.731Z] Time:          Tue Sep 15 2026 01:12:36 GMT+0300 (توقيت شرق أوروبا الصيفي)
[debug] [2026-09-14T22:12:36.731Z] ----------------------------------------------------------------------
[debug] 
[debug] [2026-09-14T22:12:36.759Z] >>> [apiv2][query] GET https://firebase-public.firebaseio.com/cli.json [none]
[debug] [2026-09-14T22:12:39.539Z] > command requires scopes: ["email","openid","https://www.googleapis.com/auth/cloudplatformprojects.readonly","https://www.googleapis.com/auth/firebase","https://www.googleapis.com/auth/cloud-platform"]
[debug] [2026-09-14T22:12:39.539Z] > authorizing via signed-in user (work.1ae85@gmail.com)
[debug] [2026-09-14T22:12:39.539Z] [iam] checking project production1-ae85 for permissions ["firebase.projects.get","firebasehosting.sites.update"]
[debug] [2026-09-14T22:12:39.540Z] Checked if tokens are valid: false, expires at: 1789344646147
[debug] [2026-09-14T22:12:39.541Z] Checked if tokens are valid: false, expires at: 1789344646147
[debug] [2026-09-14T22:12:39.541Z] > refreshing access token with scopes: []
[debug] [2026-09-14T22:12:39.543Z] >>> [apiv2][query] POST https://www.googleapis.com/oauth2/v3/token [none]
[debug] [2026-09-14T22:12:39.543Z] >>> [apiv2][body] POST https://www.googleapis.com/oauth2/v3/token [omitted]
[debug] [2026-09-14T22:12:44.013Z] <<< [apiv2][status] GET https://firebase-public.firebaseio.com/cli.json 200
[debug] [2026-09-14T22:12:44.014Z] <<< [apiv2][body] GET https://firebase-public.firebaseio.com/cli.json {"cloudBuildErrorAfter":1594252800000,"cloudBuildWarnAfter":1590019200000,"defaultNode10After":1594252800000,"minVersion":"3.0.5","node8DeploysDisabledAfter":1613390400000,"node8RuntimeDisabledAfter":1615809600000,"node8WarnAfter":1600128000000}
[debug] [2026-09-14T22:12:45.282Z] <<< [apiv2][status] POST https://www.googleapis.com/oauth2/v3/token 200
[debug] [2026-09-14T22:12:45.283Z] <<< [apiv2][body] POST https://www.googleapis.com/oauth2/v3/token [omitted]
[debug] [2026-09-14T22:12:45.289Z] >>> [apiv2][query] POST https://cloudresourcemanager.googleapis.com/v1/projects/production1-ae85:testIamPermissions [none]
[debug] [2026-09-14T22:12:45.290Z] >>> [apiv2][(partial)header] POST https://cloudresourcemanager.googleapis.com/v1/projects/production1-ae85:testIamPermissions  x-goog-user-project=production1-ae85
[debug] [2026-09-14T22:12:45.290Z] >>> [apiv2][body] POST https://cloudresourcemanager.googleapis.com/v1/projects/production1-ae85:testIamPermissions {"permissions":["firebase.projects.get","firebasehosting.sites.update"]}
[debug] [2026-09-14T22:12:48.870Z] <<< [apiv2][status] POST https://cloudresourcemanager.googleapis.com/v1/projects/production1-ae85:testIamPermissions 200
[debug] [2026-09-14T22:12:48.870Z] <<< [apiv2][body] POST https://cloudresourcemanager.googleapis.com/v1/projects/production1-ae85:testIamPermissions {"permissions":["firebase.projects.get","firebasehosting.sites.update"]}
[debug] [2026-09-14T22:12:48.871Z] Checked if tokens are valid: true, expires at: 1789427564283
[debug] [2026-09-14T22:12:48.871Z] Checked if tokens are valid: true, expires at: 1789427564283
[debug] [2026-09-14T22:12:48.871Z] >>> [apiv2][query] GET https://firebase.googleapis.com/v1beta1/projects/production1-ae85 [none]
[debug] [2026-09-14T22:12:55.434Z] <<< [apiv2][status] GET https://firebase.googleapis.com/v1beta1/projects/production1-ae85 200
[debug] [2026-09-14T22:12:55.434Z] <<< [apiv2][body] GET https://firebase.googleapis.com/v1beta1/projects/production1-ae85 {"projectId":"production1-ae85","projectNumber":"490438031865","displayName":" Production-Deploy-DB","name":"projects/production1-ae85","resources":{"hostingSite":"production1-ae85","realtimeDatabaseInstance":"production1-ae85-default-rtdb"},"state":"ACTIVE","labels":{"firebase":"enabled"},"etag":"1_70b55c6b-6608-44b9-9679-c0276805fcdd"}
[info] 
[info] === Deploying to 'production1-ae85'...
[info] 
[info] i  deploying hosting 
[debug] [2026-09-14T22:12:55.439Z] Checked if tokens are valid: true, expires at: 1789427564283
[debug] [2026-09-14T22:12:55.439Z] Checked if tokens are valid: true, expires at: 1789427564283
[debug] [2026-09-14T22:12:55.439Z] >>> [apiv2][query] GET https://firebasehosting.googleapis.com/v1beta1/projects/production1-ae85/sites/production1-ae85 [none]
[debug] [2026-09-14T22:13:04.278Z] <<< [apiv2][status] GET https://firebasehosting.googleapis.com/v1beta1/projects/production1-ae85/sites/production1-ae85 200
[debug] [2026-09-14T22:13:04.279Z] <<< [apiv2][body] GET https://firebasehosting.googleapis.com/v1beta1/projects/production1-ae85/sites/production1-ae85 {"name":"projects/production1-ae85/sites/production1-ae85","defaultUrl":"https://production1-ae85.web.app","type":"DEFAULT_SITE"}
[debug] [2026-09-14T22:13:04.283Z] Checked if tokens are valid: true, expires at: 1789427564283
[debug] [2026-09-14T22:13:04.283Z] Checked if tokens are valid: true, expires at: 1789427564283
[debug] [2026-09-14T22:13:04.285Z] >>> [apiv2][query] POST https://firebasehosting.googleapis.com/v1beta1/projects/-/sites/production1-ae85/versions [none]
[debug] [2026-09-14T22:13:04.285Z] >>> [apiv2][body] POST https://firebasehosting.googleapis.com/v1beta1/projects/-/sites/production1-ae85/versions {"status":"CREATED","labels":{"deployment-tool":"cli-firebase"}}
[debug] [2026-09-14T22:13:15.140Z] <<< [apiv2][status] POST https://firebasehosting.googleapis.com/v1beta1/projects/-/sites/production1-ae85/versions 200
[debug] [2026-09-14T22:13:15.140Z] <<< [apiv2][body] POST https://firebasehosting.googleapis.com/v1beta1/projects/-/sites/production1-ae85/versions {"name":"projects/490438031865/sites/production1-ae85/versions/c470f5c6445f459e","status":"CREATED","config":{},"labels":{"deployment-tool":"cli-firebase"}}
[info] i  hosting[production1-ae85]: beginning deploy... 
[info] i  hosting[production1-ae85]: found 149 files in public 
[debug] [2026-09-14T22:13:15.687Z] [hosting] uploading with 200 concurrency
[debug] [2026-09-14T22:13:15.733Z] Checked if tokens are valid: true, expires at: 1789427564283
[debug] [2026-09-14T22:13:15.734Z] Checked if tokens are valid: true, expires at: 1789427564283
[debug] [2026-09-14T22:13:15.736Z] [hosting] hash cache [cHVibGlj] stored for 149 files
[debug] [2026-09-14T22:13:15.736Z] [hosting][hash queue][FINAL] {"max":16,"min":0,"avg":5.296702705106905,"active":0,"complete":149,"success":149,"errored":0,"retried":0,"total":149,"elapsed":45}
[debug] [2026-09-14T22:13:15.736Z] >>> [apiv2][query] POST https://firebasehosting.googleapis.com/v1beta1/projects/490438031865/sites/production1-ae85/versions/c470f5c6445f459e:populateFiles [none]
[debug] [2026-09-14T22:13:15.737Z] >>> [apiv2][body] POST https://firebasehosting.googleapis.com/v1beta1/projects/490438031865/sites/production1-ae85/versions/c470f5c6445f459e:populateFiles {"files":{"/Upload_DB_Smart.html":"35e5ad9cef9f8889b194981123342dd3987fe056ce524d99a3e117b85c73ab5e","/TVJ_2.jpeg":"a9656f0829f9de5c1bbfd381326a5ed102036faac1e2b86a28800f561cc04e7b","/TVJ_1.jpeg":"fb4b8320d4a73a4d094440d0a82c554fe66db225b5ea6663c95a5afe9563fe6c","/TVJ.html":"595a66f94e78b29dff1539dc65f5841f7cc061f4513ce483782228b6c089d0eb","/Trf-Motor.html":"68b48b120dcc595d4865545c337d204c0111bf388e18c7440b7790b3ccc3cbc2","/Tarriff_Charging.html":"dcc6688b3c6bd77936e1a55ea3b91a1b115c7f581564a86945dfe6202d4ba420","/Tariffs.html":"6642758cbe2b058df683a41a8d6fd62ade6a7d555a523da8a9dcb54f628dcfdc","/System_Components_1.PNG":"160f8ebdb9b36216f7f179658b21007ce266df5a1e33b68dfcadcd2df3a17932","/System_Components_0.PNG":"f27fa06e5d7dcb3b0ff0072321cb190a3ff1c91ce54aaed634ec199d8de4a680","/Spex.html":"3e24d16706d7c4a188b0babd55d3a73aec4ddcf001301b53daf7f8f64960a95e","/Spex.css":"4f09f15928b23141cf361945a62789072afb3b7bbd5bb11cc7537f7fd74a4752","/SM_INTRO.png":"58b72a75116345f703c2dca6882435ee3880fc822a0cb8387c765ecbe05d616c","/sm_componanets.png":"4f9efad73ba82bc03b024a1dee28d82e9bc3205c39b9ba10d36b003a646e87a6","/smart-meter.jpg":"ca975f029fa689bb450805cf2404095463f5f6ebedc1601401cf895c8f4aa050","/Save_Pages.js":"dc0101235d45a7b42c449a33e927424b55715544e53f92e2383e464331fe7f0c","/Save_Pages.html":"8492de39cd973601196794e4b1ede3fba01d10911f53b47bc9ad30447fe71813","/Save_Pages.css":"88cc5e6b7671379af6cb32e39ea56147be8d9aea629d9c5a6bc209e5f115ecc0","/R_Reciver_Maint.html":"08517025f37090593f0eefb62ff025d0629b8578f72a68a9c96795f25993d142","/R_Reciver_Maint.css":"fb94240d18c2d657bd587523e295787ef53a079f8d1684c99b814a551975b15c","/R_Entr_Maint.html":"8e9c63067e31ec7d553847eebffb5e078d7e8dce315a8820059555e0ca6b2b9a","/R_Entr_Calib.html":"aafb21ba81c1959d7e35ff0ad09704416b2f9f0a2574965b0f6fd885f967cb77","/R_Com_Recv.html":"a1d0a77d583eb4b0ad880dc4898dd985cbb664ed5b0f0e7050486e29edbb1c85","/R_Com_Maint.html":"3e9d01e72e8d6a2d11827b92a2e3739a446cff87b667fcbba30622e2ced7c607","/R_Calib_Archive.html":"8efcacde847a2bc15cc23104e838bc9a75f45c186905cdceda3cca1ab9d691cf","/R_Calib.html":"51f2b1e1ff303b3c7185486a355e249b05c5fc0f4e9284270702f8397a9154ff","/RTU_1.ppm":"5c07131f4bbd242d3bc4dfb39c5e044338f87c659269a827c8baf494f6cdbbf8","/RTU.png":"4a9988923a7506da549120588ec3762e61ea96fe0f3dbe343a8919636d96ac20","/RF.png":"748125a799d8f0e5f0f18486bad1e123b5d86649a5892750a1eb0ac643b07fa8","/Re_Print_Out_TMaint.html":"b60c0ce7a74ab7eb0f92b87ff5c4af0d24ef497efa2c2bb62d1f51f8c77aa5ec","/Re_Print_Out_SMaint.html":"7fbc224d134a1fd33c09955842dbf79a6d7890426bb7ba042ae7d5d726fb2283","/Re_Print_Out_Calib.html":"880ac1922ff428a41444e06f9a3be91053106e77edf4968d3138c8b77d2ca0b0","/Re_Print_Out_Calib.css":"6a264bef18e2aba2a38fb2c9fbbba93f143a51b050f18fee7759cb225d922144","/Research.html":"70667e8a58ecef945df7cb812f1dda9859d426f804eee0f73cab1b2e38fdc37b","/Research.css":"f3022b130dfeaeb105f0366e3c9f24613511328c53bcc666b026cec76e85bf5d","/Recived_Calib.html":"bef4a64724b7bd0e14f439401752049ec91e5da11cbb797b23f0f62fc0fa0255","/Recived_Calib.css":"8593959c7bba177bc879b7c5abbde5088c6eeea0e087ac9f4abcf09c4c091ae1","/README.md":"3eb06552265f3b3b8af30ccaf5650d900d917d1d6554eb2d3271c48467b5bde2","/Print_Out_TMaint.html":"a9891f49260a89499c4181f36c842f4faf62c63d2e6719a78a38bf90222c02ac","/Print_Out_SMaint.html":"f428954f027454ff7ebc51d581847d45457835de0af198d4c73cb9336074d012","/Print_Out_Calib.html":"69b7854d44bb7b47cf3e30376ee17c3f352ff0c070e34ceff766503f0784b19b","/Print_Out_Calib.css":"38e9ad71311753259fc2b61aafb42fb61b18ff98de316b0f7dc902529bc5fd6b","/Power.html":"c5406747a9e63e23e54d166dd9b663e0e47468bc3e1d34e3649f34bde9361085","/PLC.png":"827834b94aa51e00964c06d34d31587fb6b6c96135fafeafd74f8e26e4cae32c","/PLC.jpg":"b21cb57d12d6c95aad2342d7388e9baa57fc5c4f2e4415fccac0d455e2afbcbe","/PDF_Excel_web.py":"4917d2137c45e5007a6a27893ba84910f52aca6682ae6329a17836736a7d7e91","/P.F.html":"2f4220be9ab487750e3e9006e4219379b6fe4df30b600813f883aa81b5402d63","/optical.PNG":"e2cebfcff9086fe0b32ccc97533273c44391a6b80c9648ae3893c17ef722cf26","/node server.js":"e640b4db690647016e776a02f2431e689593579dc73ba924f69e6bfb644556b2","/Meter.html":"a758e2eb8ce5187ef6befa421dcc707570436327133b9e8628de2ccb2f75e821","/MDMS.png":"634425c511ca32be1cb4d1866c09307e227f653c0dcfd9d84d642ee72659714b","/map_Smart.html":"722b8e7419ecb34dfb1c34be6bf61c608a2d2653a0ebb8606aebd7369133b7a5","/Main_Project_1.html":"18ea95992a0c2cca34be0097f61b29d8e56fc05ca7d41a7ae246402963d452ad","/Main_Dashboard_Smart_Meters.html":"bd5c8e0a5ac22779a275b69fd2c6decebc99ab09001a16922b9dda15c26e4501","/Main_Dashboard_Maint.html":"e2df4ada970e445ca053bc0f2e58643d3f42559441df46b0bf5e4835175f63c1","/Main_Dashboard_Maint.css":"d9cc7bacdb122c72656dc1e9c32f55483cacbfe3c724b775a0d87e9d07ebfd45","/Main_Dashboard_Calib.html":"ea3fdf65e8efca631696ac83c45815cf9534d19b133f5e70c15adcfea74602f9","/Main_Dashboard_Calib.css":"d9cc7bacdb122c72656dc1e9c32f55483cacbfe3c724b775a0d87e9d07ebfd45","/losses_1.jpg":"22be123157b4df9f58c2b68fe44d5e41af2ee9165d2960f0f5f2586d64396bb4","/losses.ppm":"da214865e33f7da098903fad51e41aefa10f45cb17008480ac50c6518a439c46","/losses.png":"d9d1e83a37efcea6a897176413faaa2b1f5c56cdc80865033446c4cbb5650f57","/logo.jpg":"70985e49f7e1d155bb00cf55349047b13b4414b1e7ca0f22276bc981714f768d","/login_Smart.html":"24db40f1064087d12f30fb42fc8cab12816b4ad43b5bae0f758f025bf654b750","/Loging_Calib.html":"7112e62c235971f70a6d106d121a6a090bbae24411c889c460d3025563c5603f","/Load_Save_Pages.js":"da1dedfd35b656d4f773ce1be8438d481a5d0566db3f99c0416b26019ebb0016","/Load_Save_Pages.html":"3c6c20a31beb48b640358bcbb037565620d1afc42bb6571ad84a57e99771030b","/Load_Save_Pages.css":"8a21308135345441879ffad5d3f3b2666a4ebe99dce1616ba7075679e6c5e703","/index.html":"055c746edaa7a0595be9e2037f52159af53f17758bea620e2222804857a7943f","/GR2_Maint.css":"7b397b8e7057f8f4f639df336d5ca2f8f1cc6b834e225d4fc5c1ef3f9fb9e9ce","/GR1_Maint.css":"3676e6af39a0b5f38a9c61d4d8d4ee5393e6e8cb0307eb710602003088abc3ce","/GPRS.png":"8447f7d6c3df9d0a10db33db11e0301fb7de5d4d2ed2065c3c7df03aed48237f","/Get_InTouch.html":"e6fbf798ea44ccf48e46b793923077bb670e9bcfd9e7756ed1924fa5197a9ba7","/G1_Calib.css":"221a6835fe46b3850b4b82c7b2155205e5a8a586ae629a2d6faac08e81861865","/Firebase_Removal.html":"46d4a442f4a69a5847f921a8d85bf2b75b4a686a140ea040a5ee990d953821c7","/Firebase_add.html":"f6856130cf0481c05efa03e304e5bc5f54d66845d3e5c09050740af6dd920481","/firebase-deploy-readme.txt":"920cd68e358c8f70f7a20ecfaaf027f7936f41b11cd8c4061b6d8488db99143a","/fetch_Smart.html":"57a2dafc0f0401f74b544f17fa005d3bfa045f992b1e04c1966816ca6fb19c32","/Excel_Summary_2.html":"5c87a16dd3247c5adc7c83f9f36babff689b522e781016f20aa16e78d6856104","/Excel_Summary_1.html":"2ba90119484ae275c6d7ef355df3862955aca4aebe28fe50a1aea56b881d7eac","/Excel_Clean_Split.html":"9fd9fea89bab85cd6a29b85e40ab6188aa09ee28f80fd18ff754dcf03c366d46","/Excel_Clean_Sim_Date.html":"19718ef61da0b1bf0eadd5bf9cb6b1db6869dc431bd342e038d02671623d7687","/Excel_Clean_Rmv_Classify_ColData.html":"ef348d8e0fdf15969e1f33af4484a18b4b8e73b24603ca94f02eee9ced8c54fc","/Excel_Clean_Merge_Update_Class_DiffH.html":"34615728f459f1cadbbd32b06a06effb30b9f917d3100c118c6c7fb0819f41fd","/Excel_Clean_Merge_Combination.html":"b333f693cbf666816bc29e7155c59eb1ce1d961abaf8bfd029e5210fbfc13c40","/Excel_Clean_Merger_Probality.html":"61e6c55f69fa629226fa8b358f754dd932b780c9558881f2ad679f9cf77f6607","/Excel_Clean_Merger.html":"cb444eafc6d103b492191bcb5fd175edac1c8bf594cebe8709209ab4e9a87373","/Excel_Clean_MDM_Check.html":"83482f999c49290d856c2a357fb12988f88d06974ad4e339b8ec3dc83cae5269","/Excel_Clean_Jointer.html":"91075a8dc346cafcc5055e3a91ae6f6ca556b3b65b1f5bcbda34e6541ad29661","/Excel_Clean_Duplicate.html":"6da91aa3ce453710fcbe06ef2beaee10c4700c3900e4dd2cc2b194f9c50cc31d","/Excel_Clean_Combin.html":"8372b3892862c2b1f4001fa4cc2c6720d5d3aba7034704eb9463a64f5f49c9cb","/Excel_Clean_Col_TxTs.html":"0b60352fe7343ab7b8f638450aa91f975c67494110f293d62b4d6f8696fac241","/Excel_Clean_Anomaly.html":"d9b2b48b70b3a5ee762f89c53d3c19abe67648eb282f5ea886d085edd0600f99","/Excel_Clean_AddCR.html":"4bc2c584207945e6768b93e116b03ad0f4bca21dd38f2b151084c40f81acb12a","/Entr_Maint.html":"c00bd3774ee39a3b52bed781d68fb8b554ff0afcce656da7edf2e198cc755c7e","/Entr_Calib.html":"b9f62b74bd39b509810483d50b967b85a3e67fa82d3a158881f6be9198945b15","/Edite_Calib.html":"04f0fd827acca1c44ab47d486029a0f6069bafb619292130f020a076182c52b6","/Distance_Relay.html":"59c850b3ec0637db1e9ab0928dc7c9554c195590f8c74dd517051dd78d95f3f5","/Deploy_Summary.html":"e0e8fe132bf46dce3254a871ebda86345b2711d42771762fcad116f74395f8b4","/Deploy_Processes.html":"59308174fdcc38f2790b10b12993e5a6bdf40747964aadc4ce73366738b38b17","/Deploy_Main_App.html":"b823ce716922a7ae399e318361d41eab0b2d40425f62b02b4e88ecb536027aed","/Deploy_Loggin_Dashboard.html":"cefd68b00a46e339d37ae59e5a5d805703f7e08bbc2b5abf75e17121f2325a87","/Deploy_Help.html":"40c80224646c7bf3d752c7c7a2af0e0fda1858d3d737688549c9cba453208c0f","/Deploy_Control.html":"e561be202775b434eed82404378eb6bb026041007667ec515bf47d4ebe004492","/data_flow_HES.jpg":"07a1d99899e30955ca378acb9ec604ca4301cb7bd05eebb8738a4f43a807d0b5","/data_flow.png":"3241058d5465fca7c35e8091f3b90c72d97c8b7df459f10bfd460626a04e3bea","/CT.png":"b4758ba3d8207a6136cf7fd07bcf42da730acf29bf558a916d9b95f1643dffe2","/CT.html":"fb2b9a66be84de2f3b0d2649d0be0c2e5d0be3086f7f1efb497cb25f1789313e","/Creating_Elements.html":"f19ebaefe1323bb9494319c3dbd8e609d0cda566decac244cb38f18b7514d79a","/Creating_Add_Crud.js":"cdefcb417392017b0c53283a9e0597d3228b64934aef37144a7de7640471a8f2","/Creating_Add_Crud.html":"250316785aad0fac7d51c1950f8229f86802437bdfe35c7d72103356941733a1","/Creating_Add_Crud.css":"b6e4a1a8eb5edbf62cb1e1ef7739f8936956a561c61d2c558a489b9df7272502","/Cordination_Smart.html":"1816970a9c461728485dc76f342b4359f8e71a53eb20024e6272fe3a97854446","/Convert_xls_json.html":"73fc4149e0e3c74e312db51623542d4a8678b135d3c73e310cb9b23f152c7c09","/Convert_Pic_pdf.html":"67b069adb4010ed984246be4966b344b7753ab373a8c57cefea27b15fcc021ac","/Control_Smart.html":"471ae9b2a98e521daebd961d2d2a48b65e48e0d11ca186ffca71ffc897b8b48b","/Control_Excel.html":"7318acf9230472975223b08bb083f5324c894c37e8f4ffd3930d7a00f1009c06","/Control_Calc.html":"97bb07adfc08ab6f797e62642b091e04704003e1bc758a1391d0e6a090dad913","/Com_Recv.html":"493b17f918709a414fe0b0dea1ba2d6810593d635b3868d3c5673d009147ba26","/Com_Maint.html":"8ed0405828a6179d3a2586e9975569970aa42c5d324786128b35660e8eacc786","/Com_DB.html":"e233b24845060d344f736e4f5e80da2cef7241ae765d0c719cbea24badad283c","/coding_Smart.html":"eb8e5b04cd764f48944fba8c447a040987336f4e262a90071c0a26804444fe3f","/Calib.html":"67e39f4ccb686545d81b2f604ffd654829794746c681b8c52e93d25605a54975","/Cables_V.D_Calculator.html":"e189d94624ec2870dabcf83e0b3a48530003a3f053b9fb91b74526df2259042e","/Cables_V.D_Calculator.css":"1952169a5a12738bcac36c837ca2f8d272b1496b223fe27e31de9d311552c409","/Bar_Code_Gen.html":"6b32bf200a7a860e7198e7827bbf636c58904daffac70c1f378b14bc661aca27","/Barcode_OCR.html":"3fd6bf9c649b54d7552b7895dbe8d06f758e9f918a112b9454ead77918c2c037","/Ayat_Takheen.html":"f999dc8802500e1fedefa532a90072997b6f9b39e08a97c0f4af6a79739d2da0","/Ayat_Print.html":"f134a22d16d294d6fb2bba7cdd9fbb804d02ecfb3f25ade32e0e3dad8bec3bef","/Ayat_OCR.html":"6d7748aec6c967092249135d8ab775ded91974183cd01efbd5bba7f7d7544747","/Ayat_Enter.html":"51cdc5a9735ad9db95ed593ab67ff121c979a107fc42337e41c3a57125a6fe0e","/Ayat.html":"eee3ebdb53eb32f4dac3b885670b2ab973f5862b4ab37e5fc0d2d2298b397f17","/arrange.html":"441d7356221ea44c370d4b12b2abee5547f1537e3951415bedcd3046f170c515","/Architecture.png":"94877436e7e0be66e57df2e459811091435ce07944a485dd78a51fecdafbcb65","/Angles_Only.html":"caec95ceeea0f753e2374b55c1dd43049a6c44811f0a37bd2c255810efe6011c","/Angles_Losses.html":"7d5da2f88302582e74a2b99cce9002759885ba5964b85d336d7166b4bbdca2ec","/Angles_Genius.html":"c6b6d9b7e785d61d825837d71f1d93476859ce66f60e05f719aac1010305846c","/Admin_Smart.html":"4aacd4b657e221d22adb27a43c382499b6c4bf0483b90518e592f09ab2e03baa","/Add_Loads.html":"eb49ecfbcdf0fa75ec5c3692e47b010b5e65bbe7509f1dd2af7660ae84a4d1f4","/A45.html":"d8d02eb22477989a5005926b0aa75e8e1d2ae7f10f28e0547671be11701086a2","/A123.html":"b4d61b2b7e1fc640a07073c805f1378e14d0b95571c9450cc35e77a1b00f9955","/9.png":"da0d86e8d4b4c1109dfe645448b74a3735982268fa89d9911e596084303bc4e4","/8.png":"a808523e4e07655967e9fd45dcb6c480c5a5383d0d45245fa2f55b993aeadb7d","/7.png":"8a69d3f90bf002ad4842dc6cb98da24ccfaca105bb557f21faefecf942867d8b","/6.png":"b8773fb8b08b6b11f78eac68c3b007c23227e8d548302a05b9d7eb24b9224695","/5.png":"53ad9ee91b2bde4c0e7125f821d8f9448a8ba5c6d69ecacf76a4e1c2042fb13d","/4.png":"d6400742710a6504ccc3ee21639242ee7f2f2c5fa6883263b06f9542babb601d","/3.png":"2a592e4222ff6d02b4dbb7f31f4f4cfee146a882946870374af490a716786691","/2.png":"2a592e4222ff6d02b4dbb7f31f4f4cfee146a882946870374af490a716786691","/1.png":"b7463d66d82e1c947c2f28288cdce2c24178e788f3994c28e5a58c49626c3034","/__pycache__/PDF_Excel_web.cpython-314.pyc":"32fafa569cbc725baa5daf5bae3b666ea823be5cfcffccbbdb5deda7aa55400c"}}
[debug] [2026-09-14T22:13:29.221Z] <<< [apiv2][status] POST https://firebasehosting.googleapis.com/v1beta1/projects/490438031865/sites/production1-ae85/versions/c470f5c6445f459e:populateFiles 200
[debug] [2026-09-14T22:13:29.221Z] <<< [apiv2][body] POST https://firebasehosting.googleapis.com/v1beta1/projects/490438031865/sites/production1-ae85/versions/c470f5c6445f459e:populateFiles {"uploadUrl":"https://upload-firebasehosting.googleapis.com/upload/sites/production1-ae85/versions/c470f5c6445f459e/files"}
[debug] [2026-09-14T22:13:29.221Z] [hosting][populate queue][FINAL] {"max":13488,"min":13488,"avg":13488,"active":0,"complete":1,"success":1,"errored":0,"retried":0,"total":1,"elapsed":13488}
[debug] [2026-09-14T22:13:29.222Z] [hosting] uploads queued: 0
[debug] [2026-09-14T22:13:29.222Z] [hosting][upload queue][FINAL] {"max":0,"min":9999999999,"avg":0,"active":0,"complete":0,"success":0,"errored":0,"retried":0,"total":0,"elapsed":1789424009222}
[info] +  hosting[production1-ae85]: file upload complete 
[debug] [2026-09-14T22:13:29.223Z] [hosting] deploy completed after 13573ms
[debug] [2026-09-14T22:13:29.223Z] [
  {
    "config": {
      "public": "public",
      "ignore": [
        "firebase.json",
        "**/.*",
        "**/node_modules/**"
      ],
      "site": "production1-ae85"
    },
    "version": "projects/490438031865/sites/production1-ae85/versions/c470f5c6445f459e"
  }
]
[info] i  hosting[production1-ae85]: finalizing version... 
[debug] [2026-09-14T22:13:29.224Z] Checked if tokens are valid: true, expires at: 1789427564283
[debug] [2026-09-14T22:13:29.225Z] Checked if tokens are valid: true, expires at: 1789427564283
[debug] [2026-09-14T22:13:29.226Z] >>> [apiv2][query] PATCH https://firebasehosting.googleapis.com/v1beta1/projects/-/sites/production1-ae85/versions/c470f5c6445f459e updateMask=status%2Cconfig
[debug] [2026-09-14T22:13:29.226Z] >>> [apiv2][body] PATCH https://firebasehosting.googleapis.com/v1beta1/projects/-/sites/production1-ae85/versions/c470f5c6445f459e {"status":"FINALIZED","config":{}}
[debug] [2026-09-14T22:13:34.021Z] <<< [apiv2][status] PATCH https://firebasehosting.googleapis.com/v1beta1/projects/-/sites/production1-ae85/versions/c470f5c6445f459e 200
[debug] [2026-09-14T22:13:34.022Z] <<< [apiv2][body] PATCH https://firebasehosting.googleapis.com/v1beta1/projects/-/sites/production1-ae85/versions/c470f5c6445f459e {"name":"projects/490438031865/sites/production1-ae85/versions/c470f5c6445f459e","status":"FINALIZED","config":{},"labels":{"deployment-tool":"cli-firebase"},"createTime":"2026-09-14T22:13:12.428525Z","createUser":{"email":"work.1ae85@gmail.com"},"finalizeTime":"2026-09-14T22:13:32.678572Z","finalizeUser":{"email":"work.1ae85@gmail.com"}}
[debug] [2026-09-14T22:13:34.022Z] [hosting] finalized version for production1-ae85:[object Object]
[info] +  hosting[production1-ae85]: version finalized 
[info] i  hosting[production1-ae85]: releasing new version... 
[debug] [2026-09-14T22:13:34.023Z] Checked if tokens are valid: true, expires at: 1789427564283
[debug] [2026-09-14T22:13:34.023Z] Checked if tokens are valid: true, expires at: 1789427564283
[debug] [2026-09-14T22:13:34.023Z] >>> [apiv2][query] POST https://firebasehosting.googleapis.com/v1beta1/projects/-/sites/production1-ae85/channels/live/releases versionName=projects%2F490438031865%2Fsites%2Fproduction1-ae85%2Fversions%2Fc470f5c6445f459e
[debug] [2026-09-14T22:13:34.023Z] >>> [apiv2][body] POST https://firebasehosting.googleapis.com/v1beta1/projects/-/sites/production1-ae85/channels/live/releases {}
[debug] [2026-09-14T22:13:39.296Z] <<< [apiv2][status] POST https://firebasehosting.googleapis.com/v1beta1/projects/-/sites/production1-ae85/channels/live/releases 200
[debug] [2026-09-14T22:13:39.296Z] <<< [apiv2][body] POST https://firebasehosting.googleapis.com/v1beta1/projects/-/sites/production1-ae85/channels/live/releases {"name":"projects/490438031865/sites/production1-ae85/channels/live/releases/1789424017094000","version":{"name":"projects/490438031865/sites/production1-ae85/versions/c470f5c6445f459e","status":"FINALIZED","config":{},"labels":{"deployment-tool":"cli-firebase"},"createTime":"2026-09-14T22:13:12.428525Z","createUser":{"email":"work.1ae85@gmail.com","imageUrl":"https://lh3.googleusercontent.com/a/ACg8ocIf_jYnSCYg6cx4v6WHFpvFe1cBsUI6sVBojwI5I4WdxHeTR_4"},"finalizeTime":"2026-09-14T22:13:32.678572Z","finalizeUser":{"email":"work.1ae85@gmail.com","imageUrl":"https://lh3.googleusercontent.com/a/ACg8ocIf_jYnSCYg6cx4v6WHFpvFe1cBsUI6sVBojwI5I4WdxHeTR_4"}},"type":"DEPLOY","releaseTime":"2026-09-14T22:13:37.094Z","releaseUser":{"email":"work.1ae85@gmail.com","imageUrl":"https://lh3.googleusercontent.com/a/ACg8ocIf_jYnSCYg6cx4v6WHFpvFe1cBsUI6sVBojwI5I4WdxHeTR_4"}}
[debug] [2026-09-14T22:13:39.296Z] [hosting] release: {"name":"projects/490438031865/sites/production1-ae85/channels/live/releases/1789424017094000","version":{"name":"projects/490438031865/sites/production1-ae85/versions/c470f5c6445f459e","status":"FINALIZED","config":{},"labels":{"deployment-tool":"cli-firebase"},"createTime":"2026-09-14T22:13:12.428525Z","createUser":{"email":"work.1ae85@gmail.com","imageUrl":"https://lh3.googleusercontent.com/a/ACg8ocIf_jYnSCYg6cx4v6WHFpvFe1cBsUI6sVBojwI5I4WdxHeTR_4"},"finalizeTime":"2026-09-14T22:13:32.678572Z","finalizeUser":{"email":"work.1ae85@gmail.com","imageUrl":"https://lh3.googleusercontent.com/a/ACg8ocIf_jYnSCYg6cx4v6WHFpvFe1cBsUI6sVBojwI5I4WdxHeTR_4"}},"type":"DEPLOY","releaseTime":"2026-09-14T22:13:37.094Z","releaseUser":{"email":"work.1ae85@gmail.com","imageUrl":"https://lh3.googleusercontent.com/a/ACg8ocIf_jYnSCYg6cx4v6WHFpvFe1cBsUI6sVBojwI5I4WdxHeTR_4"}}
[info] +  hosting[production1-ae85]: release complete 
[info] 
[info] +  Deploy complete! 
[info] 
[info] Project Console: https://console.firebase.google.com/project/production1-ae85/overview
[info] Hosting URL: https://production1-ae85.web.app
[debug] [2026-09-14T22:13:48.238Z] Error: Timed out.
    at Timeout.<anonymous> (C:\Users\Admin\AppData\Roaming\npm\node_modules\firebase-tools\lib\utils.js:299:49)
    at listOnTimeout (node:internal/timers:573:17)
    at process.processTimers (node:internal/timers:514:7)
[error] 
[error] Error: An unexpected error has occurred.
